192.168.161.1 - - [29/Jul/2020:12:09:58 +0800] "GET /nacos/v1/cs/health HTTP/1.1" 200 2 1 Apache-HttpAsyncClient/4.1.3 (Java/1.8.0_201)
0:0:0:0:0:0:0:1 - - [29/Jul/2020:12:10:02 +0800] "GET /nacos/v1/ns/catalog/services?hasIpCount=true&withInstances=false&pageNo=1&pageSize=10&serviceNameParam=&groupNameParam=&namespaceId= HTTP/1.1" 200 39 3 Mozilla/5.0 (Windows NT 10.0; Win64; x64; rv:78.0) Gecko/20100101 Firefox/78.0
192.168.161.1 - - [29/Jul/2020:12:10:03 +0800] "GET /nacos/v1/cs/health HTTP/1.1" 200 2 1 Apache-HttpAsyncClient/4.1.3 (Java/1.8.0_201)
0:0:0:0:0:0:0:1 - - [29/Jul/2020:12:10:03 +0800] "GET /nacos/ HTTP/1.1" 304 - 4 Mozilla/5.0 (Windows NT 10.0; Win64; x64; rv:78.0) Gecko/20100101 Firefox/78.0
0:0:0:0:0:0:0:1 - - [29/Jul/2020:12:10:03 +0800] "GET /nacos/console-fe/public/css/bootstrap.css HTTP/1.1" 304 - 4 Mozilla/5.0 (Windows NT 10.0; Win64; x64; rv:78.0) Gecko/20100101 Firefox/78.0
0:0:0:0:0:0:0:1 - - [29/Jul/2020:12:10:03 +0800] "GET /nacos/console-fe/public/css/codemirror.css HTTP/1.1" 304 - 3 Mozilla/5.0 (Windows NT 10.0; Win64; x64; rv:78.0) Gecko/20100101 Firefox/78.0
0:0:0:0:0:0:0:1 - - [29/Jul/2020:12:10:03 +0800] "GET /nacos/console-fe/public/css/console1412.css HTTP/1.1" 304 - 9 Mozilla/5.0 (Windows NT 10.0; Win64; x64; rv:78.0) Gecko/20100101 Firefox/78.0
0:0:0:0:0:0:0:1 - - [29/Jul/2020:12:10:03 +0800] "GET /nacos/console-fe/public/css/merge.css HTTP/1.1" 304 - 11 Mozilla/5.0 (Windows NT 10.0; Win64; x64; rv:78.0) Gecko/20100101 Firefox/78.0
0:0:0:0:0:0:0:1 - - [29/Jul/2020:12:10:03 +0800] "GET /nacos/console-fe/public/css/icon.css HTTP/1.1" 304 - 12 Mozilla/5.0 (Windows NT 10.0; Win64; x64; rv:78.0) Gecko/20100101 Firefox/78.0
0:0:0:0:0:0:0:1 - - [29/Jul/2020:12:10:03 +0800] "GET /nacos/console-fe/public/js/jquery.js HTTP/1.1" 304 - 10 Mozilla/5.0 (Windows NT 10.0; Win64; x64; rv:78.0) Gecko/20100101 Firefox/78.0
0:0:0:0:0:0:0:1 - - [29/Jul/2020:12:10:03 +0800] "GET /nacos/console-fe/public/css/font-awesome.css HTTP/1.1" 304 - 13 Mozilla/5.0 (Windows NT 10.0; Win64; x64; rv:78.0) Gecko/20100101 Firefox/78.0
0:0:0:0:0:0:0:1 - - [29/Jul/2020:12:10:03 +0800] "GET /nacos/console-fe/public/js/javascript.js HTTP/1.1" 304 - 7 Mozilla/5.0 (Windows NT 10.0; Win64; x64; rv:78.0) Gecko/20100101 Firefox/78.0
0:0:0:0:0:0:0:1 - - [29/Jul/2020:12:10:03 +0800] "GET /nacos/console-fe/public/js/xml.js HTTP/1.1" 304 - 4 Mozilla/5.0 (Windows NT 10.0; Win64; x64; rv:78.0) Gecko/20100101 Firefox/78.0
0:0:0:0:0:0:0:1 - - [29/Jul/2020:12:10:03 +0800] "GET /nacos/console-fe/public/js/codemirror.addone.fullscreen.js HTTP/1.1" 304 - 3 Mozilla/5.0 (Windows NT 10.0; Win64; x64; rv:78.0) Gecko/20100101 Firefox/78.0
0:0:0:0:0:0:0:1 - - [29/Jul/2020:12:10:03 +0800] "GET /nacos/console-fe/public/js/codemirror.lib.json-lint.js HTTP/1.1" 304 - 7 Mozilla/5.0 (Windows NT 10.0; Win64; x64; rv:78.0) Gecko/20100101 Firefox/78.0
0:0:0:0:0:0:0:1 - - [29/Jul/2020:12:10:03 +0800] "GET /nacos/console-fe/public/js/codemirror.js HTTP/1.1" 304 - 19 Mozilla/5.0 (Windows NT 10.0; Win64; x64; rv:78.0) Gecko/20100101 Firefox/78.0
0:0:0:0:0:0:0:1 - - [29/Jul/2020:12:10:03 +0800] "GET /nacos/console-fe/public/js/codemirror.addone.lint.js HTTP/1.1" 304 - 10 Mozilla/5.0 (Windows NT 10.0; Win64; x64; rv:78.0) Gecko/20100101 Firefox/78.0
0:0:0:0:0:0:0:1 - - [29/Jul/2020:12:10:03 +0800] "GET /nacos/css/main.css HTTP/1.1" 304 - 29 Mozilla/5.0 (Windows NT 10.0; Win64; x64; rv:78.0) Gecko/20100101 Firefox/78.0
0:0:0:0:0:0:0:1 - - [29/Jul/2020:12:10:03 +0800] "GET /nacos/console-fe/public/js/diff_match_patch.js HTTP/1.1" 304 - 12 Mozilla/5.0 (Windows NT 10.0; Win64; x64; rv:78.0) Gecko/20100101 Firefox/78.0
0:0:0:0:0:0:0:1 - - [29/Jul/2020:12:10:03 +0800] "GET /nacos/console-fe/public/js/loader.js HTTP/1.1" 304 - 9 Mozilla/5.0 (Windows NT 10.0; Win64; x64; rv:78.0) Gecko/20100101 Firefox/78.0
0:0:0:0:0:0:0:1 - - [29/Jul/2020:12:10:03 +0800] "GET /nacos/console-fe/public/js/codemirror.addone.json-lint.js HTTP/1.1" 304 - 14 Mozilla/5.0 (Windows NT 10.0; Win64; x64; rv:78.0) Gecko/20100101 Firefox/78.0
0:0:0:0:0:0:0:1 - - [29/Jul/2020:12:10:03 +0800] "GET /nacos/js/main.js HTTP/1.1" 304 - 7 Mozilla/5.0 (Windows NT 10.0; Win64; x64; rv:78.0) Gecko/20100101 Firefox/78.0
0:0:0:0:0:0:0:1 - - [29/Jul/2020:12:10:03 +0800] "GET /nacos/console-fe/public/js/merge.js HTTP/1.1" 304 - 13 Mozilla/5.0 (Windows NT 10.0; Win64; x64; rv:78.0) Gecko/20100101 Firefox/78.0
0:0:0:0:0:0:0:1 - - [29/Jul/2020:12:10:03 +0800] "GET /nacos/console-fe/public/js/codemirror.lib.clike-lint.js HTTP/1.1" 304 - 15 Mozilla/5.0 (Windows NT 10.0; Win64; x64; rv:78.0) Gecko/20100101 Firefox/78.0
0:0:0:0:0:0:0:1 - - [29/Jul/2020:12:10:04 +0800] "GET /nacos/console-fe/public/js/vs/editor/editor.main.js HTTP/1.1" 304 - 3 Mozilla/5.0 (Windows NT 10.0; Win64; x64; rv:78.0) Gecko/20100101 Firefox/78.0
0:0:0:0:0:0:0:1 - - [29/Jul/2020:12:10:04 +0800] "GET /nacos/img/logo-2000-390.svg HTTP/1.1" 304 - 2 Mozilla/5.0 (Windows NT 10.0; Win64; x64; rv:78.0) Gecko/20100101 Firefox/78.0
0:0:0:0:0:0:0:1 - - [29/Jul/2020:12:10:04 +0800] "GET /nacos/v1/console/namespaces?namespaceId= HTTP/1.1" 401 154 6 Mozilla/5.0 (Windows NT 10.0; Win64; x64; rv:78.0) Gecko/20100101 Firefox/78.0
0:0:0:0:0:0:0:1 - - [29/Jul/2020:12:10:04 +0800] "GET /nacos/v1/console/server/state HTTP/1.1" 200 82 2 Mozilla/5.0 (Windows NT 10.0; Win64; x64; rv:78.0) Gecko/20100101 Firefox/78.0
0:0:0:0:0:0:0:1 - - [29/Jul/2020:12:10:05 +0800] "GET /nacos/v1/ns/catalog/services?hasIpCount=true&withInstances=false&pageNo=1&pageSize=10&serviceNameParam=&groupNameParam=&namespaceId= HTTP/1.1" 200 39 1 Mozilla/5.0 (Windows NT 10.0; Win64; x64; rv:78.0) Gecko/20100101 Firefox/78.0
0:0:0:0:0:0:0:1 - - [29/Jul/2020:12:10:07 +0800] "GET /nacos/ HTTP/1.1" 304 - 4 Mozilla/5.0 (Windows NT 10.0; Win64; x64; rv:78.0) Gecko/20100101 Firefox/78.0
0:0:0:0:0:0:0:1 - - [29/Jul/2020:12:10:07 +0800] "GET /nacos/console-fe/public/css/bootstrap.css HTTP/1.1" 304 - 4 Mozilla/5.0 (Windows NT 10.0; Win64; x64; rv:78.0) Gecko/20100101 Firefox/78.0
0:0:0:0:0:0:0:1 - - [29/Jul/2020:12:10:07 +0800] "GET /nacos/console-fe/public/css/console1412.css HTTP/1.1" 304 - 4 Mozilla/5.0 (Windows NT 10.0; Win64; x64; rv:78.0) Gecko/20100101 Firefox/78.0
0:0:0:0:0:0:0:1 - - [29/Jul/2020:12:10:07 +0800] "GET /nacos/console-fe/public/css/codemirror.css HTTP/1.1" 304 - 7 Mozilla/5.0 (Windows NT 10.0; Win64; x64; rv:78.0) Gecko/20100101 Firefox/78.0
0:0:0:0:0:0:0:1 - - [29/Jul/2020:12:10:07 +0800] "GET /nacos/css/main.css HTTP/1.1" 304 - 8 Mozilla/5.0 (Windows NT 10.0; Win64; x64; rv:78.0) Gecko/20100101 Firefox/78.0
0:0:0:0:0:0:0:1 - - [29/Jul/2020:12:10:07 +0800] "GET /nacos/console-fe/public/js/codemirror.js HTTP/1.1" 304 - 7 Mozilla/5.0 (Windows NT 10.0; Win64; x64; rv:78.0) Gecko/20100101 Firefox/78.0
0:0:0:0:0:0:0:1 - - [29/Jul/2020:12:10:07 +0800] "GET /nacos/console-fe/public/js/javascript.js HTTP/1.1" 304 - 3 Mozilla/5.0 (Windows NT 10.0; Win64; x64; rv:78.0) Gecko/20100101 Firefox/78.0
0:0:0:0:0:0:0:1 - - [29/Jul/2020:12:10:07 +0800] "GET /nacos/console-fe/public/css/icon.css HTTP/1.1" 304 - 3 Mozilla/5.0 (Windows NT 10.0; Win64; x64; rv:78.0) Gecko/20100101 Firefox/78.0
0:0:0:0:0:0:0:1 - - [29/Jul/2020:12:10:07 +0800] "GET /nacos/console-fe/public/css/merge.css HTTP/1.1" 304 - 14 Mozilla/5.0 (Windows NT 10.0; Win64; x64; rv:78.0) Gecko/20100101 Firefox/78.0
0:0:0:0:0:0:0:1 - - [29/Jul/2020:12:10:07 +0800] "GET /nacos/console-fe/public/js/xml.js HTTP/1.1" 304 - 5 Mozilla/5.0 (Windows NT 10.0; Win64; x64; rv:78.0) Gecko/20100101 Firefox/78.0
0:0:0:0:0:0:0:1 - - [29/Jul/2020:12:10:07 +0800] "GET /nacos/console-fe/public/css/font-awesome.css HTTP/1.1" 304 - 4 Mozilla/5.0 (Windows NT 10.0; Win64; x64; rv:78.0) Gecko/20100101 Firefox/78.0
0:0:0:0:0:0:0:1 - - [29/Jul/2020:12:10:08 +0800] "GET /nacos/console-fe/public/js/codemirror.addone.json-lint.js HTTP/1.1" 304 - 13 Mozilla/5.0 (Windows NT 10.0; Win64; x64; rv:78.0) Gecko/20100101 Firefox/78.0
0:0:0:0:0:0:0:1 - - [29/Jul/2020:12:10:08 +0800] "GET /nacos/console-fe/public/js/jquery.js HTTP/1.1" 304 - 16 Mozilla/5.0 (Windows NT 10.0; Win64; x64; rv:78.0) Gecko/20100101 Firefox/78.0
0:0:0:0:0:0:0:1 - - [29/Jul/2020:12:10:08 +0800] "GET /nacos/console-fe/public/js/codemirror.addone.lint.js HTTP/1.1" 304 - 19 Mozilla/5.0 (Windows NT 10.0; Win64; x64; rv:78.0) Gecko/20100101 Firefox/78.0
0:0:0:0:0:0:0:1 - - [29/Jul/2020:12:10:08 +0800] "GET /nacos/console-fe/public/js/merge.js HTTP/1.1" 304 - 4 Mozilla/5.0 (Windows NT 10.0; Win64; x64; rv:78.0) Gecko/20100101 Firefox/78.0
0:0:0:0:0:0:0:1 - - [29/Jul/2020:12:10:08 +0800] "GET /nacos/console-fe/public/js/codemirror.lib.clike-lint.js HTTP/1.1" 304 - 11 Mozilla/5.0 (Windows NT 10.0; Win64; x64; rv:78.0) Gecko/20100101 Firefox/78.0
0:0:0:0:0:0:0:1 - - [29/Jul/2020:12:10:08 +0800] "GET /nacos/console-fe/public/js/loader.js HTTP/1.1" 304 - 4 Mozilla/5.0 (Windows NT 10.0; Win64; x64; rv:78.0) Gecko/20100101 Firefox/78.0
0:0:0:0:0:0:0:1 - - [29/Jul/2020:12:10:08 +0800] "GET /nacos/console-fe/public/js/diff_match_patch.js HTTP/1.1" 304 - 10 Mozilla/5.0 (Windows NT 10.0; Win64; x64; rv:78.0) Gecko/20100101 Firefox/78.0
0:0:0:0:0:0:0:1 - - [29/Jul/2020:12:10:08 +0800] "GET /nacos/js/main.js HTTP/1.1" 304 - 3 Mozilla/5.0 (Windows NT 10.0; Win64; x64; rv:78.0) Gecko/20100101 Firefox/78.0
0:0:0:0:0:0:0:1 - - [29/Jul/2020:12:10:08 +0800] "GET /nacos/console-fe/public/js/codemirror.lib.json-lint.js HTTP/1.1" 304 - 18 Mozilla/5.0 (Windows NT 10.0; Win64; x64; rv:78.0) Gecko/20100101 Firefox/78.0
0:0:0:0:0:0:0:1 - - [29/Jul/2020:12:10:08 +0800] "GET /nacos/console-fe/public/js/codemirror.addone.fullscreen.js HTTP/1.1" 304 - 25 Mozilla/5.0 (Windows NT 10.0; Win64; x64; rv:78.0) Gecko/20100101 Firefox/78.0
0:0:0:0:0:0:0:1 - - [29/Jul/2020:12:10:08 +0800] "GET /nacos/console-fe/public/js/vs/editor/editor.main.js HTTP/1.1" 304 - 4 Mozilla/5.0 (Windows NT 10.0; Win64; x64; rv:78.0) Gecko/20100101 Firefox/78.0
192.168.161.1 - - [29/Jul/2020:12:10:08 +0800] "GET /nacos/v1/cs/health HTTP/1.1" 200 2 1 Apache-HttpAsyncClient/4.1.3 (Java/1.8.0_201)
0:0:0:0:0:0:0:1 - - [29/Jul/2020:12:10:08 +0800] "GET /nacos/img/logo-2000-390.svg HTTP/1.1" 304 - 4 Mozilla/5.0 (Windows NT 10.0; Win64; x64; rv:78.0) Gecko/20100101 Firefox/78.0
0:0:0:0:0:0:0:1 - - [29/Jul/2020:12:10:08 +0800] "GET /nacos/v1/console/namespaces?namespaceId= HTTP/1.1" 401 154 5 Mozilla/5.0 (Windows NT 10.0; Win64; x64; rv:78.0) Gecko/20100101 Firefox/78.0
0:0:0:0:0:0:0:1 - - [29/Jul/2020:12:10:08 +0800] "GET /nacos/v1/console/server/state HTTP/1.1" 200 82 2 Mozilla/5.0 (Windows NT 10.0; Win64; x64; rv:78.0) Gecko/20100101 Firefox/78.0
0:0:0:0:0:0:0:1 - - [29/Jul/2020:12:10:08 +0800] "GET /nacos/console-fe/public/js/vs/editor/editor.main.css HTTP/1.1" 304 - 5 Mozilla/5.0 (Windows NT 10.0; Win64; x64; rv:78.0) Gecko/20100101 Firefox/78.0
0:0:0:0:0:0:0:1 - - [29/Jul/2020:12:10:08 +0800] "GET /nacos/console-fe/public/js/vs/editor/editor.main.nls.zh-cn.js HTTP/1.1" 304 - 6 Mozilla/5.0 (Windows NT 10.0; Win64; x64; rv:78.0) Gecko/20100101 Firefox/78.0
0:0:0:0:0:0:0:1 - - [29/Jul/2020:12:10:08 +0800] "GET /nacos/v1/ns/catalog/services?hasIpCount=true&withInstances=false&pageNo=1&pageSize=10&serviceNameParam=&groupNameParam=&namespaceId= HTTP/1.1" 200 39 2 Mozilla/5.0 (Windows NT 10.0; Win64; x64; rv:78.0) Gecko/20100101 Firefox/78.0
0:0:0:0:0:0:0:1 - - [29/Jul/2020:12:10:08 +0800] "GET /nacos/img/nacos.png HTTP/1.1" 304 - 4 Mozilla/5.0 (Windows NT 10.0; Win64; x64; rv:78.0) Gecko/20100101 Firefox/78.0
0:0:0:0:0:0:0:1 - - [29/Jul/2020:12:10:08 +0800] "GET /nacos/img/black_dot.png HTTP/1.1" 304 - 4 Mozilla/5.0 (Windows NT 10.0; Win64; x64; rv:78.0) Gecko/20100101 Firefox/78.0
192.168.161.1 - - [29/Jul/2020:12:10:13 +0800] "GET /nacos/v1/cs/health HTTP/1.1" 200 2 1 Apache-HttpAsyncClient/4.1.3 (Java/1.8.0_201)
0:0:0:0:0:0:0:1 - - [29/Jul/2020:12:10:13 +0800] "POST /nacos/v1/auth/login HTTP/1.1" 200 176 107 Mozilla/5.0 (Windows NT 10.0; Win64; x64; rv:78.0) Gecko/20100101 Firefox/78.0
0:0:0:0:0:0:0:1 - - [29/Jul/2020:12:10:13 +0800] "GET /nacos/v1/console/namespaces?namespaceId= HTTP/1.1" 200 365 7 Mozilla/5.0 (Windows NT 10.0; Win64; x64; rv:78.0) Gecko/20100101 Firefox/78.0
0:0:0:0:0:0:0:1 - - [29/Jul/2020:12:10:13 +0800] "GET /nacos/v1/console/server/state HTTP/1.1" 200 82 2 Mozilla/5.0 (Windows NT 10.0; Win64; x64; rv:78.0) Gecko/20100101 Firefox/78.0
0:0:0:0:0:0:0:1 - - [29/Jul/2020:12:10:13 +0800] "GET /nacos/v1/cs/configs?search=accurate&dataId=&group=&appName=&config_tags=&pageNo=1&pageSize=10&tenant=&namespaceId= HTTP/1.1" 200 6821 4 Mozilla/5.0 (Windows NT 10.0; Win64; x64; rv:78.0) Gecko/20100101 Firefox/78.0
0:0:0:0:0:0:0:1 - - [29/Jul/2020:12:10:15 +0800] "GET /nacos/v1/ns/catalog/services?hasIpCount=true&withInstances=false&pageNo=1&pageSize=10&serviceNameParam=&groupNameParam=&namespaceId= HTTP/1.1" 200 39 2 Mozilla/5.0 (Windows NT 10.0; Win64; x64; rv:78.0) Gecko/20100101 Firefox/78.0
192.168.161.1 - - [29/Jul/2020:12:10:18 +0800] "GET /nacos/v1/cs/health HTTP/1.1" 200 2 3 Apache-HttpAsyncClient/4.1.3 (Java/1.8.0_201)
192.168.161.1 - - [29/Jul/2020:12:10:23 +0800] "GET /nacos/v1/cs/health HTTP/1.1" 200 2 3 Apache-HttpAsyncClient/4.1.3 (Java/1.8.0_201)
127.0.0.1 - - [29/Jul/2020:12:10:27 +0800] "GET /nacos/v1/cs/configs?dataId=metrics.enabled&group=SEATA_GROUP&tenant=public HTTP/1.1" 404 23 9 Java/1.8.0_201
127.0.0.1 - - [29/Jul/2020:12:10:28 +0800] "GET /nacos/v1/cs/configs?dataId=transport.thread-factory.boss-thread-prefix&group=SEATA_GROUP&tenant=public HTTP/1.1" 404 23 3 Java/1.8.0_201
127.0.0.1 - - [29/Jul/2020:12:10:28 +0800] "GET /nacos/v1/cs/configs?dataId=transport.thread-factory.worker-thread-prefix&group=SEATA_GROUP&tenant=public HTTP/1.1" 404 23 3 Java/1.8.0_201
127.0.0.1 - - [29/Jul/2020:12:10:28 +0800] "GET /nacos/v1/cs/configs?dataId=transport.thread-factory.share-boss-worker&group=SEATA_GROUP&tenant=public HTTP/1.1" 404 23 6 Java/1.8.0_201
127.0.0.1 - - [29/Jul/2020:12:10:28 +0800] "GET /nacos/v1/cs/configs?dataId=transport.type&group=SEATA_GROUP&tenant=public HTTP/1.1" 404 23 2 Java/1.8.0_201
127.0.0.1 - - [29/Jul/2020:12:10:28 +0800] "GET /nacos/v1/cs/configs?dataId=transport.thread-factory.worker-thread-size&group=SEATA_GROUP&tenant=public HTTP/1.1" 404 23 1 Java/1.8.0_201
127.0.0.1 - - [29/Jul/2020:12:10:28 +0800] "GET /nacos/v1/cs/configs?dataId=transport.server&group=SEATA_GROUP&tenant=public HTTP/1.1" 404 23 1 Java/1.8.0_201
127.0.0.1 - - [29/Jul/2020:12:10:28 +0800] "GET /nacos/v1/cs/configs?dataId=transport.heartbeat&group=SEATA_GROUP&tenant=public HTTP/1.1" 404 23 6 Java/1.8.0_201
127.0.0.1 - - [29/Jul/2020:12:10:28 +0800] "GET /nacos/v1/cs/configs?dataId=transport.thread-factory.boss-thread-size&group=SEATA_GROUP&tenant=public HTTP/1.1" 404 23 1 Java/1.8.0_201
192.168.161.1 - - [29/Jul/2020:12:10:28 +0800] "GET /nacos/v1/cs/health HTTP/1.1" 200 2 1 Apache-HttpAsyncClient/4.1.3 (Java/1.8.0_201)
127.0.0.1 - - [29/Jul/2020:12:10:28 +0800] "GET /nacos/v1/cs/configs?dataId=transport.thread-factory.boss-thread-prefix&group=SEATA_GROUP&tenant=public HTTP/1.1" 404 23 2 Java/1.8.0_201
127.0.0.1 - - [29/Jul/2020:12:10:28 +0800] "GET /nacos/v1/cs/configs?dataId=transport.thread-factory.boss-thread-size&group=SEATA_GROUP&tenant=public HTTP/1.1" 404 23 2 Java/1.8.0_201
127.0.0.1 - - [29/Jul/2020:12:10:28 +0800] "GET /nacos/v1/cs/configs?dataId=transport.thread-factory.worker-thread-prefix&group=SEATA_GROUP&tenant=public HTTP/1.1" 404 23 3 Java/1.8.0_201
127.0.0.1 - - [29/Jul/2020:12:10:28 +0800] "GET /nacos/v1/cs/configs?dataId=store.file.dir&group=SEATA_GROUP&tenant=public HTTP/1.1" 404 23 1 Java/1.8.0_201
127.0.0.1 - - [29/Jul/2020:12:10:28 +0800] "GET /nacos/v1/cs/configs?dataId=store.file.session.reload.read_size&group=SEATA_GROUP&tenant=public HTTP/1.1" 404 23 1 Java/1.8.0_201
127.0.0.1 - - [29/Jul/2020:12:10:28 +0800] "GET /nacos/v1/cs/configs?dataId=store.file.file-write-buffer-cache-size&group=SEATA_GROUP&tenant=public HTTP/1.1" 404 23 1 Java/1.8.0_201
127.0.0.1 - - [29/Jul/2020:12:10:28 +0800] "GET /nacos/v1/cs/configs?dataId=store.file.flush-disk-mode&group=SEATA_GROUP&tenant=public HTTP/1.1" 404 23 2 Java/1.8.0_201
127.0.0.1 - - [29/Jul/2020:12:10:28 +0800] "GET /nacos/v1/cs/configs?dataId=recovery.committing-retry-period&group=SEATA_GROUP&tenant=public HTTP/1.1" 404 23 2 Java/1.8.0_201
127.0.0.1 - - [29/Jul/2020:12:10:28 +0800] "GET /nacos/v1/cs/configs?dataId=recovery.asyn-committing-retry-period&group=SEATA_GROUP&tenant=public HTTP/1.1" 404 23 1 Java/1.8.0_201
127.0.0.1 - - [29/Jul/2020:12:10:28 +0800] "GET /nacos/v1/cs/configs?dataId=recovery.rollbacking-retry-period&group=SEATA_GROUP&tenant=public HTTP/1.1" 404 23 1 Java/1.8.0_201
127.0.0.1 - - [29/Jul/2020:12:10:28 +0800] "GET /nacos/v1/cs/configs?dataId=recovery.timeout-retry-period&group=SEATA_GROUP&tenant=public HTTP/1.1" 404 23 2 Java/1.8.0_201
127.0.0.1 - - [29/Jul/2020:12:10:28 +0800] "GET /nacos/v1/cs/configs?dataId=transaction.undo.log.delete.period&group=SEATA_GROUP&tenant=public HTTP/1.1" 404 23 1 Java/1.8.0_201
127.0.0.1 - - [29/Jul/2020:12:10:28 +0800] "GET /nacos/v1/cs/configs?dataId=service.max.commit.retry.timeout&group=SEATA_GROUP&tenant=public HTTP/1.1" 404 23 1 Java/1.8.0_201
127.0.0.1 - - [29/Jul/2020:12:10:28 +0800] "GET /nacos/v1/cs/configs?dataId=service.max.rollback.retry.timeout&group=SEATA_GROUP&tenant=public HTTP/1.1" 404 23 2 Java/1.8.0_201
192.168.161.1 - - [29/Jul/2020:12:10:33 +0800] "GET /nacos/v1/cs/health HTTP/1.1" 200 2 2 Apache-HttpAsyncClient/4.1.3 (Java/1.8.0_201)
0:0:0:0:0:0:0:1 - - [29/Jul/2020:12:10:34 +0800] "GET /nacos/ HTTP/1.1" 304 - 4 Mozilla/5.0 (Windows NT 10.0; Win64; x64; rv:78.0) Gecko/20100101 Firefox/78.0
0:0:0:0:0:0:0:1 - - [29/Jul/2020:12:10:34 +0800] "GET /nacos/console-fe/public/css/bootstrap.css HTTP/1.1" 304 - 6 Mozilla/5.0 (Windows NT 10.0; Win64; x64; rv:78.0) Gecko/20100101 Firefox/78.0
0:0:0:0:0:0:0:1 - - [29/Jul/2020:12:10:34 +0800] "GET /nacos/console-fe/public/css/console1412.css HTTP/1.1" 304 - 6 Mozilla/5.0 (Windows NT 10.0; Win64; x64; rv:78.0) Gecko/20100101 Firefox/78.0
0:0:0:0:0:0:0:1 - - [29/Jul/2020:12:10:34 +0800] "GET /nacos/console-fe/public/css/codemirror.css HTTP/1.1" 304 - 5 Mozilla/5.0 (Windows NT 10.0; Win64; x64; rv:78.0) Gecko/20100101 Firefox/78.0
0:0:0:0:0:0:0:1 - - [29/Jul/2020:12:10:34 +0800] "GET /nacos/console-fe/public/css/merge.css HTTP/1.1" 304 - 10 Mozilla/5.0 (Windows NT 10.0; Win64; x64; rv:78.0) Gecko/20100101 Firefox/78.0
0:0:0:0:0:0:0:1 - - [29/Jul/2020:12:10:34 +0800] "GET /nacos/console-fe/public/js/jquery.js HTTP/1.1" 304 - 7 Mozilla/5.0 (Windows NT 10.0; Win64; x64; rv:78.0) Gecko/20100101 Firefox/78.0
0:0:0:0:0:0:0:1 - - [29/Jul/2020:12:10:34 +0800] "GET /nacos/console-fe/public/css/font-awesome.css HTTP/1.1" 304 - 11 Mozilla/5.0 (Windows NT 10.0; Win64; x64; rv:78.0) Gecko/20100101 Firefox/78.0
0:0:0:0:0:0:0:1 - - [29/Jul/2020:12:10:34 +0800] "GET /nacos/console-fe/public/js/javascript.js HTTP/1.1" 304 - 4 Mozilla/5.0 (Windows NT 10.0; Win64; x64; rv:78.0) Gecko/20100101 Firefox/78.0
0:0:0:0:0:0:0:1 - - [29/Jul/2020:12:10:34 +0800] "GET /nacos/console-fe/public/css/icon.css HTTP/1.1" 304 - 14 Mozilla/5.0 (Windows NT 10.0; Win64; x64; rv:78.0) Gecko/20100101 Firefox/78.0
0:0:0:0:0:0:0:1 - - [29/Jul/2020:12:10:34 +0800] "GET /nacos/console-fe/public/js/codemirror.addone.fullscreen.js HTTP/1.1" 304 - 6 Mozilla/5.0 (Windows NT 10.0; Win64; x64; rv:78.0) Gecko/20100101 Firefox/78.0
0:0:0:0:0:0:0:1 - - [29/Jul/2020:12:10:34 +0800] "GET /nacos/console-fe/public/js/xml.js HTTP/1.1" 304 - 4 Mozilla/5.0 (Windows NT 10.0; Win64; x64; rv:78.0) Gecko/20100101 Firefox/78.0
0:0:0:0:0:0:0:1 - - [29/Jul/2020:12:10:34 +0800] "GET /nacos/console-fe/public/js/codemirror.js HTTP/1.1" 304 - 17 Mozilla/5.0 (Windows NT 10.0; Win64; x64; rv:78.0) Gecko/20100101 Firefox/78.0
0:0:0:0:0:0:0:1 - - [29/Jul/2020:12:10:34 +0800] "GET /nacos/console-fe/public/js/codemirror.addone.json-lint.js HTTP/1.1" 304 - 4 Mozilla/5.0 (Windows NT 10.0; Win64; x64; rv:78.0) Gecko/20100101 Firefox/78.0
0:0:0:0:0:0:0:1 - - [29/Jul/2020:12:10:34 +0800] "GET /nacos/console-fe/public/js/codemirror.addone.lint.js HTTP/1.1" 304 - 8 Mozilla/5.0 (Windows NT 10.0; Win64; x64; rv:78.0) Gecko/20100101 Firefox/78.0
0:0:0:0:0:0:0:1 - - [29/Jul/2020:12:10:34 +0800] "GET /nacos/console-fe/public/js/diff_match_patch.js HTTP/1.1" 304 - 4 Mozilla/5.0 (Windows NT 10.0; Win64; x64; rv:78.0) Gecko/20100101 Firefox/78.0
0:0:0:0:0:0:0:1 - - [29/Jul/2020:12:10:34 +0800] "GET /nacos/console-fe/public/js/codemirror.lib.json-lint.js HTTP/1.1" 304 - 9 Mozilla/5.0 (Windows NT 10.0; Win64; x64; rv:78.0) Gecko/20100101 Firefox/78.0
0:0:0:0:0:0:0:1 - - [29/Jul/2020:12:10:34 +0800] "GET /nacos/console-fe/public/js/codemirror.lib.clike-lint.js HTTP/1.1" 304 - 7 Mozilla/5.0 (Windows NT 10.0; Win64; x64; rv:78.0) Gecko/20100101 Firefox/78.0
0:0:0:0:0:0:0:1 - - [29/Jul/2020:12:10:34 +0800] "GET /nacos/console-fe/public/js/loader.js HTTP/1.1" 304 - 6 Mozilla/5.0 (Windows NT 10.0; Win64; x64; rv:78.0) Gecko/20100101 Firefox/78.0
0:0:0:0:0:0:0:1 - - [29/Jul/2020:12:10:34 +0800] "GET /nacos/console-fe/public/js/merge.js HTTP/1.1" 304 - 4 Mozilla/5.0 (Windows NT 10.0; Win64; x64; rv:78.0) Gecko/20100101 Firefox/78.0
0:0:0:0:0:0:0:1 - - [29/Jul/2020:12:10:34 +0800] "GET /nacos/js/main.js HTTP/1.1" 304 - 5 Mozilla/5.0 (Windows NT 10.0; Win64; x64; rv:78.0) Gecko/20100101 Firefox/78.0
0:0:0:0:0:0:0:1 - - [29/Jul/2020:12:10:34 +0800] "GET /nacos/css/main.css HTTP/1.1" 304 - 31 Mozilla/5.0 (Windows NT 10.0; Win64; x64; rv:78.0) Gecko/20100101 Firefox/78.0
0:0:0:0:0:0:0:1 - - [29/Jul/2020:12:10:34 +0800] "GET /nacos/console-fe/public/js/vs/editor/editor.main.js HTTP/1.1" 304 - 4 Mozilla/5.0 (Windows NT 10.0; Win64; x64; rv:78.0) Gecko/20100101 Firefox/78.0
0:0:0:0:0:0:0:1 - - [29/Jul/2020:12:10:34 +0800] "GET /nacos/img/logo-2000-390.svg HTTP/1.1" 304 - 4 Mozilla/5.0 (Windows NT 10.0; Win64; x64; rv:78.0) Gecko/20100101 Firefox/78.0
0:0:0:0:0:0:0:1 - - [29/Jul/2020:12:10:34 +0800] "GET /nacos/v1/console/namespaces?namespaceId= HTTP/1.1" 200 365 6 Mozilla/5.0 (Windows NT 10.0; Win64; x64; rv:78.0) Gecko/20100101 Firefox/78.0
0:0:0:0:0:0:0:1 - - [29/Jul/2020:12:10:34 +0800] "GET /nacos/v1/console/server/state HTTP/1.1" 200 82 2 Mozilla/5.0 (Windows NT 10.0; Win64; x64; rv:78.0) Gecko/20100101 Firefox/78.0
0:0:0:0:0:0:0:1 - - [29/Jul/2020:12:10:34 +0800] "GET /nacos/console-fe/public/js/vs/editor/editor.main.css HTTP/1.1" 304 - 3 Mozilla/5.0 (Windows NT 10.0; Win64; x64; rv:78.0) Gecko/20100101 Firefox/78.0
0:0:0:0:0:0:0:1 - - [29/Jul/2020:12:10:34 +0800] "GET /nacos/console-fe/public/js/vs/editor/editor.main.nls.zh-cn.js HTTP/1.1" 304 - 6 Mozilla/5.0 (Windows NT 10.0; Win64; x64; rv:78.0) Gecko/20100101 Firefox/78.0
0:0:0:0:0:0:0:1 - - [29/Jul/2020:12:10:35 +0800] "GET /nacos/v1/ns/catalog/services?hasIpCount=true&withInstances=false&pageNo=1&pageSize=10&serviceNameParam=&groupNameParam=&namespaceId= HTTP/1.1" 200 39 2 Mozilla/5.0 (Windows NT 10.0; Win64; x64; rv:78.0) Gecko/20100101 Firefox/78.0
0:0:0:0:0:0:0:1 - - [29/Jul/2020:12:10:36 +0800] "GET /nacos/ HTTP/1.1" 304 - 4 Mozilla/5.0 (Windows NT 10.0; Win64; x64; rv:78.0) Gecko/20100101 Firefox/78.0
0:0:0:0:0:0:0:1 - - [29/Jul/2020:12:10:36 +0800] "GET /nacos/console-fe/public/css/bootstrap.css HTTP/1.1" 304 - 6 Mozilla/5.0 (Windows NT 10.0; Win64; x64; rv:78.0) Gecko/20100101 Firefox/78.0
0:0:0:0:0:0:0:1 - - [29/Jul/2020:12:10:36 +0800] "GET /nacos/console-fe/public/css/console1412.css HTTP/1.1" 304 - 5 Mozilla/5.0 (Windows NT 10.0; Win64; x64; rv:78.0) Gecko/20100101 Firefox/78.0
0:0:0:0:0:0:0:1 - - [29/Jul/2020:12:10:36 +0800] "GET /nacos/console-fe/public/css/icon.css HTTP/1.1" 304 - 3 Mozilla/5.0 (Windows NT 10.0; Win64; x64; rv:78.0) Gecko/20100101 Firefox/78.0
0:0:0:0:0:0:0:1 - - [29/Jul/2020:12:10:36 +0800] "GET /nacos/console-fe/public/js/jquery.js HTTP/1.1" 304 - 8 Mozilla/5.0 (Windows NT 10.0; Win64; x64; rv:78.0) Gecko/20100101 Firefox/78.0
0:0:0:0:0:0:0:1 - - [29/Jul/2020:12:10:36 +0800] "GET /nacos/console-fe/public/js/javascript.js HTTP/1.1" 304 - 4 Mozilla/5.0 (Windows NT 10.0; Win64; x64; rv:78.0) Gecko/20100101 Firefox/78.0
0:0:0:0:0:0:0:1 - - [29/Jul/2020:12:10:36 +0800] "GET /nacos/console-fe/public/js/codemirror.js HTTP/1.1" 304 - 5 Mozilla/5.0 (Windows NT 10.0; Win64; x64; rv:78.0) Gecko/20100101 Firefox/78.0
0:0:0:0:0:0:0:1 - - [29/Jul/2020:12:10:36 +0800] "GET /nacos/console-fe/public/js/xml.js HTTP/1.1" 304 - 5 Mozilla/5.0 (Windows NT 10.0; Win64; x64; rv:78.0) Gecko/20100101 Firefox/78.0
0:0:0:0:0:0:0:1 - - [29/Jul/2020:12:10:36 +0800] "GET /nacos/console-fe/public/js/codemirror.addone.fullscreen.js HTTP/1.1" 304 - 5 Mozilla/5.0 (Windows NT 10.0; Win64; x64; rv:78.0) Gecko/20100101 Firefox/78.0
0:0:0:0:0:0:0:1 - - [29/Jul/2020:12:10:36 +0800] "GET /nacos/console-fe/public/js/codemirror.addone.lint.js HTTP/1.1" 304 - 4 Mozilla/5.0 (Windows NT 10.0; Win64; x64; rv:78.0) Gecko/20100101 Firefox/78.0
0:0:0:0:0:0:0:1 - - [29/Jul/2020:12:10:36 +0800] "GET /nacos/console-fe/public/js/codemirror.lib.json-lint.js HTTP/1.1" 304 - 3 Mozilla/5.0 (Windows NT 10.0; Win64; x64; rv:78.0) Gecko/20100101 Firefox/78.0
0:0:0:0:0:0:0:1 - - [29/Jul/2020:12:10:36 +0800] "GET /nacos/console-fe/public/js/codemirror.addone.json-lint.js HTTP/1.1" 304 - 3 Mozilla/5.0 (Windows NT 10.0; Win64; x64; rv:78.0) Gecko/20100101 Firefox/78.0
0:0:0:0:0:0:0:1 - - [29/Jul/2020:12:10:36 +0800] "GET /nacos/console-fe/public/js/codemirror.lib.clike-lint.js HTTP/1.1" 304 - 4 Mozilla/5.0 (Windows NT 10.0; Win64; x64; rv:78.0) Gecko/20100101 Firefox/78.0
0:0:0:0:0:0:0:1 - - [29/Jul/2020:12:10:36 +0800] "GET /nacos/console-fe/public/js/diff_match_patch.js HTTP/1.1" 304 - 3 Mozilla/5.0 (Windows NT 10.0; Win64; x64; rv:78.0) Gecko/20100101 Firefox/78.0
0:0:0:0:0:0:0:1 - - [29/Jul/2020:12:10:36 +0800] "GET /nacos/console-fe/public/css/merge.css HTTP/1.1" 304 - 29 Mozilla/5.0 (Windows NT 10.0; Win64; x64; rv:78.0) Gecko/20100101 Firefox/78.0
0:0:0:0:0:0:0:1 - - [29/Jul/2020:12:10:36 +0800] "GET /nacos/console-fe/public/js/merge.js HTTP/1.1" 304 - 3 Mozilla/5.0 (Windows NT 10.0; Win64; x64; rv:78.0) Gecko/20100101 Firefox/78.0
0:0:0:0:0:0:0:1 - - [29/Jul/2020:12:10:36 +0800] "GET /nacos/css/main.css HTTP/1.1" 304 - 32 Mozilla/5.0 (Windows NT 10.0; Win64; x64; rv:78.0) Gecko/20100101 Firefox/78.0
0:0:0:0:0:0:0:1 - - [29/Jul/2020:12:10:36 +0800] "GET /nacos/console-fe/public/css/codemirror.css HTTP/1.1" 304 - 33 Mozilla/5.0 (Windows NT 10.0; Win64; x64; rv:78.0) Gecko/20100101 Firefox/78.0
0:0:0:0:0:0:0:1 - - [29/Jul/2020:12:10:36 +0800] "GET /nacos/js/main.js HTTP/1.1" 304 - 3 Mozilla/5.0 (Windows NT 10.0; Win64; x64; rv:78.0) Gecko/20100101 Firefox/78.0
0:0:0:0:0:0:0:1 - - [29/Jul/2020:12:10:36 +0800] "GET /nacos/console-fe/public/js/loader.js HTTP/1.1" 304 - 4 Mozilla/5.0 (Windows NT 10.0; Win64; x64; rv:78.0) Gecko/20100101 Firefox/78.0
0:0:0:0:0:0:0:1 - - [29/Jul/2020:12:10:36 +0800] "GET /nacos/console-fe/public/css/font-awesome.css HTTP/1.1" 304 - 34 Mozilla/5.0 (Windows NT 10.0; Win64; x64; rv:78.0) Gecko/20100101 Firefox/78.0
0:0:0:0:0:0:0:1 - - [29/Jul/2020:12:10:37 +0800] "GET /nacos/console-fe/public/js/vs/editor/editor.main.js HTTP/1.1" 304 - 2 Mozilla/5.0 (Windows NT 10.0; Win64; x64; rv:78.0) Gecko/20100101 Firefox/78.0
0:0:0:0:0:0:0:1 - - [29/Jul/2020:12:10:37 +0800] "GET /nacos/img/logo-2000-390.svg HTTP/1.1" 304 - 2 Mozilla/5.0 (Windows NT 10.0; Win64; x64; rv:78.0) Gecko/20100101 Firefox/78.0
0:0:0:0:0:0:0:1 - - [29/Jul/2020:12:10:37 +0800] "GET /nacos/v1/console/namespaces?namespaceId= HTTP/1.1" 200 365 4 Mozilla/5.0 (Windows NT 10.0; Win64; x64; rv:78.0) Gecko/20100101 Firefox/78.0
0:0:0:0:0:0:0:1 - - [29/Jul/2020:12:10:37 +0800] "GET /nacos/v1/console/server/state HTTP/1.1" 200 82 2 Mozilla/5.0 (Windows NT 10.0; Win64; x64; rv:78.0) Gecko/20100101 Firefox/78.0
0:0:0:0:0:0:0:1 - - [29/Jul/2020:12:10:37 +0800] "GET /nacos/console-fe/public/js/vs/editor/editor.main.css HTTP/1.1" 304 - 3 Mozilla/5.0 (Windows NT 10.0; Win64; x64; rv:78.0) Gecko/20100101 Firefox/78.0
0:0:0:0:0:0:0:1 - - [29/Jul/2020:12:10:37 +0800] "GET /nacos/console-fe/public/js/vs/editor/editor.main.nls.zh-cn.js HTTP/1.1" 304 - 2 Mozilla/5.0 (Windows NT 10.0; Win64; x64; rv:78.0) Gecko/20100101 Firefox/78.0
0:0:0:0:0:0:0:1 - - [29/Jul/2020:12:10:37 +0800] "GET /nacos/v1/ns/catalog/services?hasIpCount=true&withInstances=false&pageNo=1&pageSize=10&serviceNameParam=&groupNameParam=&namespaceId= HTTP/1.1" 200 39 2 Mozilla/5.0 (Windows NT 10.0; Win64; x64; rv:78.0) Gecko/20100101 Firefox/78.0
192.168.161.1 - - [29/Jul/2020:12:10:38 +0800] "GET /nacos/v1/cs/health HTTP/1.1" 200 2 2 Apache-HttpAsyncClient/4.1.3 (Java/1.8.0_201)
127.0.0.1 - - [29/Jul/2020:12:10:38 +0800] "POST /nacos/v1/ns/instance?groupName=DEFAULT_GROUP&metadata=%7B%7D&namespaceId=public&port=8091&enable=true&healthy=true&clusterName=default&ip=192.168.174.1&weight=1.0&ephemeral=true&serviceName=DEFAULT_GROUP%40%40serverAddr&encoding=UTF-8 HTTP/1.1" 200 2 116 Nacos-Java-Client:v1.0.0
0:0:0:0:0:0:0:1 - - [29/Jul/2020:12:10:39 +0800] "GET /nacos/v1/cs/configs?search=accurate&dataId=&group=&appName=&config_tags=&pageNo=1&pageSize=10&tenant=&namespaceId= HTTP/1.1" 200 6821 6 Mozilla/5.0 (Windows NT 10.0; Win64; x64; rv:78.0) Gecko/20100101 Firefox/78.0
0:0:0:0:0:0:0:1 - - [29/Jul/2020:12:10:42 +0800] "GET /nacos/v1/cs/configs?search=accurate&dataId=&group=&appName=&config_tags=&pageNo=1&pageSize=10&tenant=&namespaceId= HTTP/1.1" 200 6821 2 Mozilla/5.0 (Windows NT 10.0; Win64; x64; rv:78.0) Gecko/20100101 Firefox/78.0
192.168.161.1 - - [29/Jul/2020:12:10:43 +0800] "GET /nacos/v1/cs/health HTTP/1.1" 200 2 2 Apache-HttpAsyncClient/4.1.3 (Java/1.8.0_201)
127.0.0.1 - - [29/Jul/2020:12:10:43 +0800] "PUT /nacos/v1/ns/instance/beat?beat=%7B%22cluster%22%3A%22default%22%2C%22ip%22%3A%22192.168.174.1%22%2C%22metadata%22%3A%7B%7D%2C%22port%22%3A8091%2C%22scheduled%22%3Atrue%2C%22serviceName%22%3A%22DEFAULT_GROUP%40%40serverAddr%22%2C%22weight%22%3A1.0%7D&serviceName=DEFAULT_GROUP%40%40serverAddr&encoding=UTF-8&namespaceId=public HTTP/1.1" 200 38 41 Nacos-Java-Client:v1.0.0
0:0:0:0:0:0:0:1 - - [29/Jul/2020:12:10:44 +0800] "GET /nacos/v1/ns/catalog/services?hasIpCount=true&withInstances=false&pageNo=1&pageSize=10&serviceNameParam=&groupNameParam=&namespaceId= HTTP/1.1" 200 164 10 Mozilla/5.0 (Windows NT 10.0; Win64; x64; rv:78.0) Gecko/20100101 Firefox/78.0
192.168.161.1 - - [29/Jul/2020:12:10:48 +0800] "GET /nacos/v1/cs/health HTTP/1.1" 200 2 1 Apache-HttpAsyncClient/4.1.3 (Java/1.8.0_201)
127.0.0.1 - - [29/Jul/2020:12:10:48 +0800] "PUT /nacos/v1/ns/instance/beat?beat=%7B%22cluster%22%3A%22default%22%2C%22ip%22%3A%22192.168.174.1%22%2C%22metadata%22%3A%7B%7D%2C%22port%22%3A8091%2C%22scheduled%22%3Atrue%2C%22serviceName%22%3A%22DEFAULT_GROUP%40%40serverAddr%22%2C%22weight%22%3A1.0%7D&serviceName=DEFAULT_GROUP%40%40serverAddr&encoding=UTF-8&namespaceId=public HTTP/1.1" 200 38 5 Nacos-Java-Client:v1.0.0
192.168.161.1 - - [29/Jul/2020:12:10:53 +0800] "GET /nacos/v1/cs/health HTTP/1.1" 200 2 2 Apache-HttpAsyncClient/4.1.3 (Java/1.8.0_201)
127.0.0.1 - - [29/Jul/2020:12:10:53 +0800] "PUT /nacos/v1/ns/instance/beat?beat=%7B%22cluster%22%3A%22default%22%2C%22ip%22%3A%22192.168.174.1%22%2C%22metadata%22%3A%7B%7D%2C%22port%22%3A8091%2C%22scheduled%22%3Atrue%2C%22serviceName%22%3A%22DEFAULT_GROUP%40%40serverAddr%22%2C%22weight%22%3A1.0%7D&serviceName=DEFAULT_GROUP%40%40serverAddr&encoding=UTF-8&namespaceId=public HTTP/1.1" 200 38 10 Nacos-Java-Client:v1.0.0
192.168.161.1 - - [29/Jul/2020:12:10:58 +0800] "GET /nacos/v1/cs/health HTTP/1.1" 200 2 1 Apache-HttpAsyncClient/4.1.3 (Java/1.8.0_201)
127.0.0.1 - - [29/Jul/2020:12:10:58 +0800] "PUT /nacos/v1/ns/instance/beat?beat=%7B%22cluster%22%3A%22default%22%2C%22ip%22%3A%22192.168.174.1%22%2C%22metadata%22%3A%7B%7D%2C%22port%22%3A8091%2C%22scheduled%22%3Atrue%2C%22serviceName%22%3A%22DEFAULT_GROUP%40%40serverAddr%22%2C%22weight%22%3A1.0%7D&serviceName=DEFAULT_GROUP%40%40serverAddr&encoding=UTF-8&namespaceId=public HTTP/1.1" 200 38 2 Nacos-Java-Client:v1.0.0
192.168.161.1 - - [29/Jul/2020:12:11:03 +0800] "GET /nacos/v1/cs/health HTTP/1.1" 200 2 1 Apache-HttpAsyncClient/4.1.3 (Java/1.8.0_201)
127.0.0.1 - - [29/Jul/2020:12:11:03 +0800] "PUT /nacos/v1/ns/instance/beat?beat=%7B%22cluster%22%3A%22default%22%2C%22ip%22%3A%22192.168.174.1%22%2C%22metadata%22%3A%7B%7D%2C%22port%22%3A8091%2C%22scheduled%22%3Atrue%2C%22serviceName%22%3A%22DEFAULT_GROUP%40%40serverAddr%22%2C%22weight%22%3A1.0%7D&serviceName=DEFAULT_GROUP%40%40serverAddr&encoding=UTF-8&namespaceId=public HTTP/1.1" 200 38 2 Nacos-Java-Client:v1.0.0
192.168.161.1 - - [29/Jul/2020:12:11:08 +0800] "GET /nacos/v1/cs/health HTTP/1.1" 200 2 1 Apache-HttpAsyncClient/4.1.3 (Java/1.8.0_201)
127.0.0.1 - - [29/Jul/2020:12:11:08 +0800] "PUT /nacos/v1/ns/instance/beat?beat=%7B%22cluster%22%3A%22default%22%2C%22ip%22%3A%22192.168.174.1%22%2C%22metadata%22%3A%7B%7D%2C%22port%22%3A8091%2C%22scheduled%22%3Atrue%2C%22serviceName%22%3A%22DEFAULT_GROUP%40%40serverAddr%22%2C%22weight%22%3A1.0%7D&serviceName=DEFAULT_GROUP%40%40serverAddr&encoding=UTF-8&namespaceId=public HTTP/1.1" 200 38 2 Nacos-Java-Client:v1.0.0
192.168.161.1 - - [29/Jul/2020:12:11:13 +0800] "GET /nacos/v1/cs/health HTTP/1.1" 200 2 3 Apache-HttpAsyncClient/4.1.3 (Java/1.8.0_201)
127.0.0.1 - - [29/Jul/2020:12:11:13 +0800] "PUT /nacos/v1/ns/instance/beat?beat=%7B%22cluster%22%3A%22default%22%2C%22ip%22%3A%22192.168.174.1%22%2C%22metadata%22%3A%7B%7D%2C%22port%22%3A8091%2C%22scheduled%22%3Atrue%2C%22serviceName%22%3A%22DEFAULT_GROUP%40%40serverAddr%22%2C%22weight%22%3A1.0%7D&serviceName=DEFAULT_GROUP%40%40serverAddr&encoding=UTF-8&namespaceId=public HTTP/1.1" 200 38 2 Nacos-Java-Client:v1.0.0
192.168.161.1 - - [29/Jul/2020:12:11:18 +0800] "GET /nacos/v1/cs/health HTTP/1.1" 200 2 1 Apache-HttpAsyncClient/4.1.3 (Java/1.8.0_201)
127.0.0.1 - - [29/Jul/2020:12:11:18 +0800] "PUT /nacos/v1/ns/instance/beat?beat=%7B%22cluster%22%3A%22default%22%2C%22ip%22%3A%22192.168.174.1%22%2C%22metadata%22%3A%7B%7D%2C%22port%22%3A8091%2C%22scheduled%22%3Atrue%2C%22serviceName%22%3A%22DEFAULT_GROUP%40%40serverAddr%22%2C%22weight%22%3A1.0%7D&serviceName=DEFAULT_GROUP%40%40serverAddr&encoding=UTF-8&namespaceId=public HTTP/1.1" 200 38 2 Nacos-Java-Client:v1.0.0
192.168.161.1 - - [29/Jul/2020:12:11:23 +0800] "GET /nacos/v1/cs/health HTTP/1.1" 200 2 1 Apache-HttpAsyncClient/4.1.3 (Java/1.8.0_201)
127.0.0.1 - - [29/Jul/2020:12:11:23 +0800] "PUT /nacos/v1/ns/instance/beat?beat=%7B%22cluster%22%3A%22default%22%2C%22ip%22%3A%22192.168.174.1%22%2C%22metadata%22%3A%7B%7D%2C%22port%22%3A8091%2C%22scheduled%22%3Atrue%2C%22serviceName%22%3A%22DEFAULT_GROUP%40%40serverAddr%22%2C%22weight%22%3A1.0%7D&serviceName=DEFAULT_GROUP%40%40serverAddr&encoding=UTF-8&namespaceId=public HTTP/1.1" 200 38 6 Nacos-Java-Client:v1.0.0
192.168.161.1 - - [29/Jul/2020:12:11:28 +0800] "GET /nacos/v1/cs/health HTTP/1.1" 200 2 1 Apache-HttpAsyncClient/4.1.3 (Java/1.8.0_201)
127.0.0.1 - - [29/Jul/2020:12:11:28 +0800] "PUT /nacos/v1/ns/instance/beat?beat=%7B%22cluster%22%3A%22default%22%2C%22ip%22%3A%22192.168.174.1%22%2C%22metadata%22%3A%7B%7D%2C%22port%22%3A8091%2C%22scheduled%22%3Atrue%2C%22serviceName%22%3A%22DEFAULT_GROUP%40%40serverAddr%22%2C%22weight%22%3A1.0%7D&serviceName=DEFAULT_GROUP%40%40serverAddr&encoding=UTF-8&namespaceId=public HTTP/1.1" 200 38 5 Nacos-Java-Client:v1.0.0
192.168.161.1 - - [29/Jul/2020:12:11:33 +0800] "GET /nacos/v1/cs/health HTTP/1.1" 200 2 2 Apache-HttpAsyncClient/4.1.3 (Java/1.8.0_201)
127.0.0.1 - - [29/Jul/2020:12:11:33 +0800] "PUT /nacos/v1/ns/instance/beat?beat=%7B%22cluster%22%3A%22default%22%2C%22ip%22%3A%22192.168.174.1%22%2C%22metadata%22%3A%7B%7D%2C%22port%22%3A8091%2C%22scheduled%22%3Atrue%2C%22serviceName%22%3A%22DEFAULT_GROUP%40%40serverAddr%22%2C%22weight%22%3A1.0%7D&serviceName=DEFAULT_GROUP%40%40serverAddr&encoding=UTF-8&namespaceId=public HTTP/1.1" 200 38 2 Nacos-Java-Client:v1.0.0
127.0.0.1 - - [29/Jul/2020:12:11:34 +0800] "GET /nacos/v1/cs/configs?dataId=public-provider.yaml&group=DEFAULT_GROUP&tenant=public HTTP/1.1" 404 23 3 Java/1.8.0_201
127.0.0.1 - - [29/Jul/2020:12:11:34 +0800] "GET /nacos/v1/cs/configs?dataId=account-provider.yaml&group=SEATA_GROUP&tenant=public HTTP/1.1" 404 23 1 Java/1.8.0_201
127.0.0.1 - - [29/Jul/2020:12:11:34 +0800] "GET /nacos/v1/cs/configs?dataId=account-provider-dev.yaml&group=SEATA_GROUP&tenant=public HTTP/1.1" 404 23 1 Java/1.8.0_201
192.168.161.1 - - [29/Jul/2020:12:11:38 +0800] "GET /nacos/v1/cs/health HTTP/1.1" 200 2 2 Apache-HttpAsyncClient/4.1.3 (Java/1.8.0_201)
127.0.0.1 - - [29/Jul/2020:12:11:38 +0800] "PUT /nacos/v1/ns/instance/beat?beat=%7B%22cluster%22%3A%22default%22%2C%22ip%22%3A%22192.168.174.1%22%2C%22metadata%22%3A%7B%7D%2C%22port%22%3A8091%2C%22scheduled%22%3Atrue%2C%22serviceName%22%3A%22DEFAULT_GROUP%40%40serverAddr%22%2C%22weight%22%3A1.0%7D&serviceName=DEFAULT_GROUP%40%40serverAddr&encoding=UTF-8&namespaceId=public HTTP/1.1" 200 38 2 Nacos-Java-Client:v1.0.0
192.168.161.1 - - [29/Jul/2020:12:11:43 +0800] "GET /nacos/v1/cs/health HTTP/1.1" 200 2 2 Apache-HttpAsyncClient/4.1.3 (Java/1.8.0_201)
127.0.0.1 - - [29/Jul/2020:12:11:43 +0800] "PUT /nacos/v1/ns/instance/beat?beat=%7B%22cluster%22%3A%22default%22%2C%22ip%22%3A%22192.168.174.1%22%2C%22metadata%22%3A%7B%7D%2C%22port%22%3A8091%2C%22scheduled%22%3Atrue%2C%22serviceName%22%3A%22DEFAULT_GROUP%40%40serverAddr%22%2C%22weight%22%3A1.0%7D&serviceName=DEFAULT_GROUP%40%40serverAddr&encoding=UTF-8&namespaceId=public HTTP/1.1" 200 38 2 Nacos-Java-Client:v1.0.0
192.168.161.1 - - [29/Jul/2020:12:11:48 +0800] "GET /nacos/v1/cs/health HTTP/1.1" 200 2 1 Apache-HttpAsyncClient/4.1.3 (Java/1.8.0_201)
127.0.0.1 - - [29/Jul/2020:12:11:48 +0800] "PUT /nacos/v1/ns/instance/beat?beat=%7B%22cluster%22%3A%22default%22%2C%22ip%22%3A%22192.168.174.1%22%2C%22metadata%22%3A%7B%7D%2C%22port%22%3A8091%2C%22scheduled%22%3Atrue%2C%22serviceName%22%3A%22DEFAULT_GROUP%40%40serverAddr%22%2C%22weight%22%3A1.0%7D&serviceName=DEFAULT_GROUP%40%40serverAddr&encoding=UTF-8&namespaceId=public HTTP/1.1" 200 38 2 Nacos-Java-Client:v1.0.0
192.168.161.1 - - [29/Jul/2020:12:11:53 +0800] "GET /nacos/v1/cs/health HTTP/1.1" 200 2 1 Apache-HttpAsyncClient/4.1.3 (Java/1.8.0_201)
127.0.0.1 - - [29/Jul/2020:12:11:53 +0800] "PUT /nacos/v1/ns/instance/beat?beat=%7B%22cluster%22%3A%22default%22%2C%22ip%22%3A%22192.168.174.1%22%2C%22metadata%22%3A%7B%7D%2C%22port%22%3A8091%2C%22scheduled%22%3Atrue%2C%22serviceName%22%3A%22DEFAULT_GROUP%40%40serverAddr%22%2C%22weight%22%3A1.0%7D&serviceName=DEFAULT_GROUP%40%40serverAddr&encoding=UTF-8&namespaceId=public HTTP/1.1" 200 38 1 Nacos-Java-Client:v1.0.0
192.168.161.1 - - [29/Jul/2020:12:11:58 +0800] "GET /nacos/v1/cs/health HTTP/1.1" 200 2 1 Apache-HttpAsyncClient/4.1.3 (Java/1.8.0_201)
127.0.0.1 - - [29/Jul/2020:12:11:58 +0800] "PUT /nacos/v1/ns/instance/beat?beat=%7B%22cluster%22%3A%22default%22%2C%22ip%22%3A%22192.168.174.1%22%2C%22metadata%22%3A%7B%7D%2C%22port%22%3A8091%2C%22scheduled%22%3Atrue%2C%22serviceName%22%3A%22DEFAULT_GROUP%40%40serverAddr%22%2C%22weight%22%3A1.0%7D&serviceName=DEFAULT_GROUP%40%40serverAddr&encoding=UTF-8&namespaceId=public HTTP/1.1" 200 38 4 Nacos-Java-Client:v1.0.0
0:0:0:0:0:0:0:1 - - [29/Jul/2020:12:12:01 +0800] "GET /nacos/v1/ns/catalog/services?hasIpCount=true&withInstances=false&pageNo=1&pageSize=10&serviceNameParam=&groupNameParam=&namespaceId=73a82ee3-8e29-4cb6-997d-469650aa5261 HTTP/1.1" 200 39 2 Mozilla/5.0 (Windows NT 10.0; Win64; x64; rv:78.0) Gecko/20100101 Firefox/78.0
192.168.161.1 - - [29/Jul/2020:12:12:03 +0800] "GET /nacos/v1/cs/health HTTP/1.1" 200 2 1 Apache-HttpAsyncClient/4.1.3 (Java/1.8.0_201)
127.0.0.1 - - [29/Jul/2020:12:12:03 +0800] "PUT /nacos/v1/ns/instance/beat?beat=%7B%22cluster%22%3A%22default%22%2C%22ip%22%3A%22192.168.174.1%22%2C%22metadata%22%3A%7B%7D%2C%22port%22%3A8091%2C%22scheduled%22%3Atrue%2C%22serviceName%22%3A%22DEFAULT_GROUP%40%40serverAddr%22%2C%22weight%22%3A1.0%7D&serviceName=DEFAULT_GROUP%40%40serverAddr&encoding=UTF-8&namespaceId=public HTTP/1.1" 200 38 3 Nacos-Java-Client:v1.0.0
192.168.161.1 - - [29/Jul/2020:12:12:08 +0800] "GET /nacos/v1/cs/health HTTP/1.1" 200 2 1 Apache-HttpAsyncClient/4.1.3 (Java/1.8.0_201)
127.0.0.1 - - [29/Jul/2020:12:12:08 +0800] "PUT /nacos/v1/ns/instance/beat?beat=%7B%22cluster%22%3A%22default%22%2C%22ip%22%3A%22192.168.174.1%22%2C%22metadata%22%3A%7B%7D%2C%22port%22%3A8091%2C%22scheduled%22%3Atrue%2C%22serviceName%22%3A%22DEFAULT_GROUP%40%40serverAddr%22%2C%22weight%22%3A1.0%7D&serviceName=DEFAULT_GROUP%40%40serverAddr&encoding=UTF-8&namespaceId=public HTTP/1.1" 200 38 2 Nacos-Java-Client:v1.0.0
192.168.161.1 - - [29/Jul/2020:12:12:13 +0800] "GET /nacos/v1/cs/health HTTP/1.1" 200 2 3 Apache-HttpAsyncClient/4.1.3 (Java/1.8.0_201)
127.0.0.1 - - [29/Jul/2020:12:12:13 +0800] "PUT /nacos/v1/ns/instance/beat?beat=%7B%22cluster%22%3A%22default%22%2C%22ip%22%3A%22192.168.174.1%22%2C%22metadata%22%3A%7B%7D%2C%22port%22%3A8091%2C%22scheduled%22%3Atrue%2C%22serviceName%22%3A%22DEFAULT_GROUP%40%40serverAddr%22%2C%22weight%22%3A1.0%7D&serviceName=DEFAULT_GROUP%40%40serverAddr&encoding=UTF-8&namespaceId=public HTTP/1.1" 200 38 4 Nacos-Java-Client:v1.0.0
192.168.161.1 - - [29/Jul/2020:12:12:18 +0800] "GET /nacos/v1/cs/health HTTP/1.1" 200 2 2 Apache-HttpAsyncClient/4.1.3 (Java/1.8.0_201)
127.0.0.1 - - [29/Jul/2020:12:12:18 +0800] "PUT /nacos/v1/ns/instance/beat?beat=%7B%22cluster%22%3A%22default%22%2C%22ip%22%3A%22192.168.174.1%22%2C%22metadata%22%3A%7B%7D%2C%22port%22%3A8091%2C%22scheduled%22%3Atrue%2C%22serviceName%22%3A%22DEFAULT_GROUP%40%40serverAddr%22%2C%22weight%22%3A1.0%7D&serviceName=DEFAULT_GROUP%40%40serverAddr&encoding=UTF-8&namespaceId=public HTTP/1.1" 200 38 2 Nacos-Java-Client:v1.0.0
192.168.161.1 - - [29/Jul/2020:12:12:23 +0800] "GET /nacos/v1/cs/health HTTP/1.1" 200 2 2 Apache-HttpAsyncClient/4.1.3 (Java/1.8.0_201)
127.0.0.1 - - [29/Jul/2020:12:12:23 +0800] "PUT /nacos/v1/ns/instance/beat?beat=%7B%22cluster%22%3A%22default%22%2C%22ip%22%3A%22192.168.174.1%22%2C%22metadata%22%3A%7B%7D%2C%22port%22%3A8091%2C%22scheduled%22%3Atrue%2C%22serviceName%22%3A%22DEFAULT_GROUP%40%40serverAddr%22%2C%22weight%22%3A1.0%7D&serviceName=DEFAULT_GROUP%40%40serverAddr&encoding=UTF-8&namespaceId=public HTTP/1.1" 200 38 2 Nacos-Java-Client:v1.0.0
192.168.161.1 - - [29/Jul/2020:12:12:28 +0800] "GET /nacos/v1/cs/health HTTP/1.1" 200 2 1 Apache-HttpAsyncClient/4.1.3 (Java/1.8.0_201)
127.0.0.1 - - [29/Jul/2020:12:12:28 +0800] "PUT /nacos/v1/ns/instance/beat?beat=%7B%22cluster%22%3A%22default%22%2C%22ip%22%3A%22192.168.174.1%22%2C%22metadata%22%3A%7B%7D%2C%22port%22%3A8091%2C%22scheduled%22%3Atrue%2C%22serviceName%22%3A%22DEFAULT_GROUP%40%40serverAddr%22%2C%22weight%22%3A1.0%7D&serviceName=DEFAULT_GROUP%40%40serverAddr&encoding=UTF-8&namespaceId=public HTTP/1.1" 200 38 3 Nacos-Java-Client:v1.0.0
192.168.161.1 - - [29/Jul/2020:12:12:33 +0800] "GET /nacos/v1/cs/health HTTP/1.1" 200 2 1 Apache-HttpAsyncClient/4.1.3 (Java/1.8.0_201)
127.0.0.1 - - [29/Jul/2020:12:12:33 +0800] "PUT /nacos/v1/ns/instance/beat?beat=%7B%22cluster%22%3A%22default%22%2C%22ip%22%3A%22192.168.174.1%22%2C%22metadata%22%3A%7B%7D%2C%22port%22%3A8091%2C%22scheduled%22%3Atrue%2C%22serviceName%22%3A%22DEFAULT_GROUP%40%40serverAddr%22%2C%22weight%22%3A1.0%7D&serviceName=DEFAULT_GROUP%40%40serverAddr&encoding=UTF-8&namespaceId=public HTTP/1.1" 200 38 2 Nacos-Java-Client:v1.0.0
192.168.161.1 - - [29/Jul/2020:12:12:38 +0800] "GET /nacos/v1/cs/health HTTP/1.1" 200 2 2 Apache-HttpAsyncClient/4.1.3 (Java/1.8.0_201)
127.0.0.1 - - [29/Jul/2020:12:12:38 +0800] "PUT /nacos/v1/ns/instance/beat?beat=%7B%22cluster%22%3A%22default%22%2C%22ip%22%3A%22192.168.174.1%22%2C%22metadata%22%3A%7B%7D%2C%22port%22%3A8091%2C%22scheduled%22%3Atrue%2C%22serviceName%22%3A%22DEFAULT_GROUP%40%40serverAddr%22%2C%22weight%22%3A1.0%7D&serviceName=DEFAULT_GROUP%40%40serverAddr&encoding=UTF-8&namespaceId=public HTTP/1.1" 200 38 3 Nacos-Java-Client:v1.0.0
0:0:0:0:0:0:0:1 - - [29/Jul/2020:12:12:40 +0800] "GET /nacos/v1/ns/catalog/services?hasIpCount=true&withInstances=false&pageNo=1&pageSize=10&serviceNameParam=&groupNameParam=&namespaceId= HTTP/1.1" 200 164 2 Mozilla/5.0 (Windows NT 10.0; Win64; x64; rv:78.0) Gecko/20100101 Firefox/78.0
192.168.161.1 - - [29/Jul/2020:12:12:43 +0800] "GET /nacos/v1/cs/health HTTP/1.1" 200 2 1 Apache-HttpAsyncClient/4.1.3 (Java/1.8.0_201)
127.0.0.1 - - [29/Jul/2020:12:12:43 +0800] "PUT /nacos/v1/ns/instance/beat?beat=%7B%22cluster%22%3A%22default%22%2C%22ip%22%3A%22192.168.174.1%22%2C%22metadata%22%3A%7B%7D%2C%22port%22%3A8091%2C%22scheduled%22%3Atrue%2C%22serviceName%22%3A%22DEFAULT_GROUP%40%40serverAddr%22%2C%22weight%22%3A1.0%7D&serviceName=DEFAULT_GROUP%40%40serverAddr&encoding=UTF-8&namespaceId=public HTTP/1.1" 200 38 4 Nacos-Java-Client:v1.0.0
0:0:0:0:0:0:0:1 - - [29/Jul/2020:12:12:43 +0800] "GET /nacos/v1/cs/configs?search=accurate&dataId=&group=&appName=&config_tags=&pageNo=1&pageSize=10&tenant=&namespaceId= HTTP/1.1" 200 6821 4 Mozilla/5.0 (Windows NT 10.0; Win64; x64; rv:78.0) Gecko/20100101 Firefox/78.0
192.168.161.1 - - [29/Jul/2020:12:12:48 +0800] "GET /nacos/v1/cs/health HTTP/1.1" 200 2 2 Apache-HttpAsyncClient/4.1.3 (Java/1.8.0_201)
127.0.0.1 - - [29/Jul/2020:12:12:48 +0800] "PUT /nacos/v1/ns/instance/beat?beat=%7B%22cluster%22%3A%22default%22%2C%22ip%22%3A%22192.168.174.1%22%2C%22metadata%22%3A%7B%7D%2C%22port%22%3A8091%2C%22scheduled%22%3Atrue%2C%22serviceName%22%3A%22DEFAULT_GROUP%40%40serverAddr%22%2C%22weight%22%3A1.0%7D&serviceName=DEFAULT_GROUP%40%40serverAddr&encoding=UTF-8&namespaceId=public HTTP/1.1" 200 38 2 Nacos-Java-Client:v1.0.0
192.168.161.1 - - [29/Jul/2020:12:12:53 +0800] "GET /nacos/v1/cs/health HTTP/1.1" 200 2 1 Apache-HttpAsyncClient/4.1.3 (Java/1.8.0_201)
127.0.0.1 - - [29/Jul/2020:12:12:53 +0800] "PUT /nacos/v1/ns/instance/beat?beat=%7B%22cluster%22%3A%22default%22%2C%22ip%22%3A%22192.168.174.1%22%2C%22metadata%22%3A%7B%7D%2C%22port%22%3A8091%2C%22scheduled%22%3Atrue%2C%22serviceName%22%3A%22DEFAULT_GROUP%40%40serverAddr%22%2C%22weight%22%3A1.0%7D&serviceName=DEFAULT_GROUP%40%40serverAddr&encoding=UTF-8&namespaceId=public HTTP/1.1" 200 38 2 Nacos-Java-Client:v1.0.0
0:0:0:0:0:0:0:1 - - [29/Jul/2020:12:12:53 +0800] "DELETE /nacos/v1/cs/configs?delType=ids&ids=611,612,613,614,615,616, HTTP/1.1" 200 60 175 Mozilla/5.0 (Windows NT 10.0; Win64; x64; rv:78.0) Gecko/20100101 Firefox/78.0
192.168.161.1 - - [29/Jul/2020:12:12:53 +0800] "GET /nacos/v1/cs/communication/dataChange?dataId=transport.heartbeat&group=SEATA_GROUP HTTP/1.1" 200 14 5 Apache-HttpAsyncClient/4.1.3 (Java/1.8.0_201)
192.168.161.1 - - [29/Jul/2020:12:12:53 +0800] "GET /nacos/v1/cs/communication/dataChange?dataId=transport.type&group=SEATA_GROUP HTTP/1.1" 200 14 4 Apache-HttpAsyncClient/4.1.3 (Java/1.8.0_201)
192.168.161.1 - - [29/Jul/2020:12:12:53 +0800] "GET /nacos/v1/cs/communication/dataChange?dataId=transport.thread-factory.boss-thread-prefix&group=SEATA_GROUP HTTP/1.1" 200 14 1 Apache-HttpAsyncClient/4.1.3 (Java/1.8.0_201)
192.168.161.1 - - [29/Jul/2020:12:12:53 +0800] "GET /nacos/v1/cs/communication/dataChange?dataId=transport.server&group=SEATA_GROUP HTTP/1.1" 200 14 2 Apache-HttpAsyncClient/4.1.3 (Java/1.8.0_201)
192.168.161.1 - - [29/Jul/2020:12:12:53 +0800] "GET /nacos/v1/cs/communication/dataChange?dataId=transport.thread-factory.worker-thread-prefix&group=SEATA_GROUP HTTP/1.1" 200 14 2 Apache-HttpAsyncClient/4.1.3 (Java/1.8.0_201)
192.168.161.1 - - [29/Jul/2020:12:12:53 +0800] "GET /nacos/v1/cs/communication/dataChange?dataId=transport.thread-factory.server-executor-thread-prefix&group=SEATA_GROUP HTTP/1.1" 200 14 2 Apache-HttpAsyncClient/4.1.3 (Java/1.8.0_201)
0:0:0:0:0:0:0:1 - - [29/Jul/2020:12:12:53 +0800] "GET /nacos/v1/cs/configs?search=accurate&dataId=&group=&appName=&config_tags=&pageNo=1&pageSize=10&tenant=&namespaceId= HTTP/1.1" 200 6904 4 Mozilla/5.0 (Windows NT 10.0; Win64; x64; rv:78.0) Gecko/20100101 Firefox/78.0
192.168.161.1 - - [29/Jul/2020:12:12:58 +0800] "GET /nacos/v1/cs/health HTTP/1.1" 200 2 1 Apache-HttpAsyncClient/4.1.3 (Java/1.8.0_201)
127.0.0.1 - - [29/Jul/2020:12:12:58 +0800] "PUT /nacos/v1/ns/instance/beat?beat=%7B%22cluster%22%3A%22default%22%2C%22ip%22%3A%22192.168.174.1%22%2C%22metadata%22%3A%7B%7D%2C%22port%22%3A8091%2C%22scheduled%22%3Atrue%2C%22serviceName%22%3A%22DEFAULT_GROUP%40%40serverAddr%22%2C%22weight%22%3A1.0%7D&serviceName=DEFAULT_GROUP%40%40serverAddr&encoding=UTF-8&namespaceId=public HTTP/1.1" 200 38 2 Nacos-Java-Client:v1.0.0
192.168.161.1 - - [29/Jul/2020:12:13:03 +0800] "GET /nacos/v1/cs/health HTTP/1.1" 200 2 1 Apache-HttpAsyncClient/4.1.3 (Java/1.8.0_201)
127.0.0.1 - - [29/Jul/2020:12:13:03 +0800] "PUT /nacos/v1/ns/instance/beat?beat=%7B%22cluster%22%3A%22default%22%2C%22ip%22%3A%22192.168.174.1%22%2C%22metadata%22%3A%7B%7D%2C%22port%22%3A8091%2C%22scheduled%22%3Atrue%2C%22serviceName%22%3A%22DEFAULT_GROUP%40%40serverAddr%22%2C%22weight%22%3A1.0%7D&serviceName=DEFAULT_GROUP%40%40serverAddr&encoding=UTF-8&namespaceId=public HTTP/1.1" 200 38 4 Nacos-Java-Client:v1.0.0
192.168.161.1 - - [29/Jul/2020:12:13:05 +0800] "GET /nacos/v1/cs/communication/dataChange?dataId=transport.thread-factory.share-boss-worker&group=SEATA_GROUP HTTP/1.1" 200 14 1 Apache-HttpAsyncClient/4.1.3 (Java/1.8.0_201)
0:0:0:0:0:0:0:1 - - [29/Jul/2020:12:13:05 +0800] "DELETE /nacos/v1/cs/configs?delType=ids&ids=611,612,613,614,615,616,617,618,619,620,621,622, HTTP/1.1" 200 60 11 Mozilla/5.0 (Windows NT 10.0; Win64; x64; rv:78.0) Gecko/20100101 Firefox/78.0
192.168.161.1 - - [29/Jul/2020:12:13:05 +0800] "GET /nacos/v1/cs/communication/dataChange?dataId=transport.thread-factory.client-selector-thread-size&group=SEATA_GROUP HTTP/1.1" 200 14 4 Apache-HttpAsyncClient/4.1.3 (Java/1.8.0_201)
192.168.161.1 - - [29/Jul/2020:12:13:05 +0800] "GET /nacos/v1/cs/communication/dataChange?dataId=transport.thread-factory.boss-thread-size&group=SEATA_GROUP HTTP/1.1" 200 14 3 Apache-HttpAsyncClient/4.1.3 (Java/1.8.0_201)
